
> backend@0.0.1 build
> nest build

node.exe : [96mprisma/seed.ts[0m:[93m
1[0m:[93m10[0m - [91merror[0m[90m 
TS2305: [0mModule '"@prisma/client"' 
has no exported member 'PrismaClient'.
At line:1 char:1
+ & "C:\nvm4w\nodejs/node.exe" "C:\nvm4w
\nodejs/node_modules/npm/bin/np ...
+ ~~~~~~~~~~~~~~~~~~~~~~~~~~~~~~~~~~~~~~
~~~~~~~~~~~~~~~~~~~~~~~~~~~~~~~
    + CategoryInfo          : NotSpecif 
   ied: ([96mprisma/see...'PrismaClie  
  nt'.:String) [], RemoteException
    + FullyQualifiedErrorId : NativeCom 
   mandError
 

[7m1[0m import { PrismaClient } from 
'@prisma/client';
[7m [0m [91m         ~~~~~~~~~~~~[0m
[96msrc/agents/agents.service.ts[0m:[
93m14[0m:[93m24[0m - 
[91merror[0m[90m TS2339: 
[0mProperty 'agent' does not exist on 
type 'PrismaService'.

[7m14[0m     return 
this.prisma.agent.findMany();
[7m  [0m [91m                       
~~~~~[0m
[96msrc/agents/agents.service.ts[0m:[
93m18[0m:[93m37[0m - 
[91merror[0m[90m TS2339: 
[0mProperty 'agent' does not exist on 
type 'PrismaService'.

[7m18[0m     const agent = await 
this.prisma.agent.findUnique({
[7m  [0m [91m                        
            ~~~~~[0m
[96msrc/agents/agents.service.ts[0m:[
93m38[0m:[93m19[0m - 
[91merror[0m[90m TS2339: 
[0mProperty 'listing' does not exist 
on type 'PrismaService'.

[7m38[0m       
this.prisma.listing.findMany({
[7m  [0m [91m                  
~~~~~~~[0m
[96msrc/agents/agents.service.ts[0m:[
93m44[0m:[93m19[0m - 
[91merror[0m[90m TS2339: 
[0mProperty 'listing' does not exist 
on type 'PrismaService'.

[7m44[0m       
this.prisma.listing.count({ where: 
listingsWhere }),
[7m  [0m [91m                  
~~~~~~~[0m
[96msrc/auth/auth.controller.ts[0m:[9
3m30[0m:[93m71[0m - 
[91merror[0m[90m TS1272: [0mA type 
referenced in a decorated signature 
must be imported with 'import type' or 
a namespace import when 
'isolatedModules' and 
'emitDecoratorMetadata' are enabled.

[7m30[0m   async login(@Body() dto: 
LoginDto, @Res({ passthrough: true }) 
res: Response) {
[7m  [0m [91m                        
                                        
      ~~~~~~~~[0m

  [96msrc/auth/auth.controller.ts[0m:
[93m3[0m:[93m10[0m
    [7m3[0m import { Response, 
Request } from 'express';
    [7m [0m [96m         ~~~~~~~~[0m
    'Response' was imported here.
[96msrc/auth/auth.controller.ts[0m:[9
3m56[0m:[93m29[0m - 
[91merror[0m[90m TS1272: [0mA type 
referenced in a decorated signature 
must be imported with 'import type' or 
a namespace import when 
'isolatedModules' and 
'emitDecoratorMetadata' are enabled.

[7m56[0m   async refresh(@Req() req: 
Request, @CurrentUser() user: any, 
@Res({ passthrough: true }) res: 
Response) {
[7m  [0m [91m                        
    ~~~~~~~[0m

  [96msrc/auth/auth.controller.ts[0m:
[93m3[0m:[93m20[0m
    [7m3[0m import { Response, 
Request } from 'express';
    [7m [0m [96m                   
~~~~~~~[0m
    'Request' was imported here.
[96msrc/auth/auth.controller.ts[0m:[9
3m56[0m:[93m97[0m - 
[91merror[0m[90m TS1272: [0mA type 
referenced in a decorated signature 
must be imported with 'import type' or 
a namespace import when 
'isolatedModules' and 
'emitDecoratorMetadata' are enabled.

[7m56[0m   async refresh(@Req() req: 
Request, @CurrentUser() user: any, 
@Res({ passthrough: true }) res: 
Response) {
[7m  [0m [91m                        
                                        
                                
~~~~~~~~[0m

  [96msrc/auth/auth.controller.ts[0m:
[93m3[0m:[93m10[0m
    [7m3[0m import { Response, 
Request } from 'express';
    [7m [0m [96m         ~~~~~~~~[0m
    'Response' was imported here.
[96msrc/auth/auth.controller.ts[0m:[9
3m82[0m:[93m75[0m - 
[91merror[0m[90m TS1272: [0mA type 
referenced in a decorated signature 
must be imported with 'import type' or 
a namespace import when 
'isolatedModules' and 
'emitDecoratorMetadata' are enabled.

[7m82[0m   async 
logout(@CurrentUser() user: any, @Res({ 
passthrough: true }) res: Response) {
[7m  [0m [91m                        
                                        
          ~~~~~~~~[0m

  [96msrc/auth/auth.controller.ts[0m:
[93m3[0m:[93m10[0m
    [7m3[0m import { Response, 
Request } from 'express';
    [7m [0m [96m         ~~~~~~~~[0m
    'Response' was imported here.
[96msrc/auth/auth.service.ts[0m:[93m1
6[0m:[93m40[0m - [91merror[0m[90m 
TS2339: [0mProperty 'user' does not 
exist on type 'PrismaService'.

[7m16[0m     const existing = await 
this.prisma.user.findUnique({ where: { 
username: dto.username } });
[7m  [0m [91m                        
               ~~~~[0m
[96msrc/auth/auth.service.ts[0m:[93m2
0[0m:[93m36[0m - [91merror[0m[90m 
TS2339: [0mProperty 'user' does not 
exist on type 'PrismaService'.

[7m20[0m     const user = await 
this.prisma.user.create({
[7m  [0m [91m                        
           ~~~~[0m
[96msrc/auth/auth.service.ts[0m:[93m3
1[0m:[93m36[0m - [91merror[0m[90m 
TS2339: [0mProperty 'user' does not 
exist on type 'PrismaService'.

[7m31[0m     const user = await 
this.prisma.user.findUnique({ where: { 
username: dto.username } });
[7m  [0m [91m                        
           ~~~~[0m
[96msrc/auth/auth.service.ts[0m:[93m4
1[0m:[93m42[0m - [91merror[0m[90m 
TS2339: [0mProperty 'refreshToken' 
does not exist on type 'PrismaService'.

[7m41[0m     const validToken = await 
this.prisma.refreshToken.findUnique({ 
where: { token: refreshToken } });
[7m  [0m [91m                        
                 ~~~~~~~~~~~~[0m
[96msrc/auth/auth.service.ts[0m:[93m4
4[0m:[93m27[0m - [91merror[0m[90m 
TS2339: [0mProperty 'refreshToken' 
does not exist on type 'PrismaService'.

[7m44[0m         await 
this.prisma.refreshToken.delete({ 
where: { id: validToken.id } });
[7m  [0m [91m                        
  ~~~~~~~~~~~~[0m
[96msrc/auth/auth.service.ts[0m:[93m5
1[0m:[93m23[0m - [91merror[0m[90m 
TS2339: [0mProperty 'refreshToken' 
does not exist on type 'PrismaService'.

[7m51[0m     await 
this.prisma.refreshToken.delete({ 
where: { id: validToken.id } });
[7m  [0m [91m                      
~~~~~~~~~~~~[0m
[96msrc/auth/auth.service.ts[0m:[93m5
3[0m:[93m36[0m - [91merror[0m[90m 
TS2339: [0mProperty 'user' does not 
exist on type 'PrismaService'.

[7m53[0m     const user = await 
this.prisma.user.findUnique({ where: { 
id: userId } });
[7m  [0m [91m                        
           ~~~~[0m
[96msrc/auth/auth.service.ts[0m:[93m6
0[0m:[93m23[0m - [91merror[0m[90m 
TS2339: [0mProperty 'refreshToken' 
does not exist on type 'PrismaService'.

[7m60[0m     await 
this.prisma.refreshToken.deleteMany({ 
where: { userId } });
[7m  [0m [91m                      
~~~~~~~~~~~~[0m
[96msrc/auth/auth.service.ts[0m:[93m7
7[0m:[93m23[0m - [91merror[0m[90m 
TS2339: [0mProperty 'refreshToken' 
does not exist on type 'PrismaService'.

[7m77[0m     await 
this.prisma.refreshToken.create({
[7m  [0m [91m                      
~~~~~~~~~~~~[0m
[96msrc/listings/dto/listing-response.d
to.ts[0m:[93m2[0m:[93m10[0m - 
[91merror[0m[90m TS2305: [0mModule 
'"@prisma/client"' has no exported 
member 'PropertyType'.

[7m2[0m import { PropertyType, 
ListingStatus } from '@prisma/client';
[7m [0m [91m         ~~~~~~~~~~~~[0m
[96msrc/listings/dto/listing-response.d
to.ts[0m:[93m2[0m:[93m24[0m - 
[91merror[0m[90m TS2305: [0mModule 
'"@prisma/client"' has no exported 
member 'ListingStatus'.

[7m2[0m import { PropertyType, 
ListingStatus } from '@prisma/client';
[7m [0m [91m                       
~~~~~~~~~~~~~[0m
[96msrc/listings/dto/search-listings.dt
o.ts[0m:[93m3[0m:[93m10[0m - 
[91merror[0m[90m TS2305: [0mModule 
'"@prisma/client"' has no exported 
member 'PropertyType'.

[7m3[0m import { PropertyType } from 
'@prisma/client';
[7m [0m [91m         ~~~~~~~~~~~~[0m
[96msrc/listings/listings.controller.ts
[0m:[93m8[0m:[93m10[0m - 
[91merror[0m[90m TS2305: [0mModule 
'"@prisma/client"' has no exported 
member 'PropertyType'.

[7m8[0m import { PropertyType } from 
'@prisma/client';
[7m [0m [91m         ~~~~~~~~~~~~[0m
[96msrc/listings/listings.service.ts[0
m:[93m4[0m:[93m10[0m - 
[91merror[0m[90m TS2305: [0mModule 
'"@prisma/client"' has no exported 
member 'Listing'.

[7m4[0m import { Listing, Prisma } 
from '@prisma/client';
[7m [0m [91m         ~~~~~~~[0m
[96msrc/listings/listings.service.ts[0
m:[93m4[0m:[93m19[0m - 
[91merror[0m[90m TS2305: [0mModule 
'"@prisma/client"' has no exported 
member 'Prisma'.

[7m4[0m import { Listing, Prisma } 
from '@prisma/client';
[7m [0m [91m                  
~~~~~~[0m
[96msrc/listings/listings.service.ts[0
m:[93m16[0m:[93m19[0m - 
[91merror[0m[90m TS2339: 
[0mProperty 'listing' does not exist 
on type 'PrismaService'.

[7m16[0m       
this.prisma.listing.findMany({
[7m  [0m [91m                  
~~~~~~~[0m
[96msrc/listings/listings.service.ts[0
m:[93m23[0m:[93m19[0m - 
[91merror[0m[90m TS2339: 
[0mProperty 'listing' does not exist 
on type 'PrismaService'.

[7m23[0m       
this.prisma.listing.count({ where }),
[7m  [0m [91m                  
~~~~~~~[0m
[96msrc/listings/listings.service.ts[0
m:[93m38[0m:[93m39[0m - 
[91merror[0m[90m TS2339: 
[0mProperty 'listing' does not exist 
on type 'PrismaService'.

[7m38[0m     const listing = await 
this.prisma.listing.findUnique({
[7m  [0m [91m                        
              ~~~~~~~[0m
[96msrc/main.ts[0m:[93m12[0m:[93m11
[0m - [91merror[0m[90m TS2349: 
[0mThis expression is not callable.
  Type 'typeof cookieParser' has no 
call signatures.
Found 31 error(s).


[7m12[0m   app.use(cookieParser());
[7m  [0m [91m          
~~~~~~~~~~~~[0m

  [96msrc/main.ts[0m:[93m3[0m:[93m1
[0m
    [7m3[0m import * as cookieParser 
from 'cookie-parser';
    [7m [0m [96m~~~~~~~~~~~~~~~~~~~~~
~~~~~~~~~~~~~~~~~~~~~~~~~[0m
    Type originates at this import. A 
namespace-style import cannot be called 
or constructed, and will cause a 
failure at runtime. Consider using a 
default import or import require here 
instead.
[96msrc/prisma/prisma.service.ts[0m:[
93m2[0m:[93m10[0m - 
[91merror[0m[90m TS2305: [0mModule 
'"@prisma/client"' has no exported 
member 'PrismaClient'.

[7m2[0m import { PrismaClient } from 
'@prisma/client';
[7m [0m [91m         ~~~~~~~~~~~~[0m
[96msrc/prisma/prisma.service.ts[0m:[
93m7[0m:[93m16[0m - 
[91merror[0m[90m TS2339: 
[0mProperty '$connect' does not exist 
on type 'PrismaService'.

[7m7[0m     await this.$connect();
[7m [0m [91m               
~~~~~~~~[0m
[96msrc/prisma/prisma.service.ts[0m:[
93m11[0m:[93m16[0m - 
[91merror[0m[90m TS2339: 
[0mProperty '$disconnect' does not 
exist on type 'PrismaService'.

[7m11[0m     await this.$disconnect();
[7m  [0m [91m               
~~~~~~~~~~~[0m

